┬ eslint                                    5.16.0
├─┬ @babel/code-frame                       7.12.13
│ └─┬ @babel/highlight                      7.13.10
│   ├── @babel/helper-validator-identifier  7.12.11
│   ├── chalk                               2.4.2
│   └── js-tokens                           4.0.0
├─┬ ajv                                     6.12.6
│ ├── fast-deep-equal                       3.1.3
│ ├── fast-json-stable-stringify            2.1.0
│ ├── json-schema-traverse                  0.4.1
│ └─┬ uri-js                                4.4.1
│   └── punycode                            2.1.1
├─┬ chalk                                   2.4.2
│ ├─┬ ansi-styles                           3.2.1
│ │ └─┬ color-convert                       1.9.3
│ │   └── color-name                        1.1.3
│ ├── escape-string-regexp                  1.0.5
│ └─┬ supports-color                        5.5.0
│   └── has-flag                            3.0.0
├─┬ cross-spawn                             6.0.6
│ ├── nice-try                              1.0.5
│ ├── path-key                              2.0.1
│ ├── semver                                5.7.2
│ ├─┬ shebang-command                       1.2.0
│ │ └── shebang-regex                       1.0.0
│ └─┬ which                                 1.3.1
│   └── isexe                               2.0.0
├─┬ debug                                   4.3.1
│ └── ms                                    2.1.2
├─┬ doctrine                                3.0.0
│ └── esutils                               2.0.3
├─┬ eslint-scope                            4.0.3
│ ├─┬ esrecurse                             4.3.0
│ │ └── estraverse                          5.2.0
│ └── estraverse                            4.3.0
├─┬ eslint-utils                            1.4.3
│ └── eslint-visitor-keys                   1.3.0
├── eslint-visitor-keys                     1.3.0
├─┬ espree                                  5.0.1
│ ├─┬ acorn-jsx                             5.3.1
│ │ └── acorn                               8.13.0
│ ├── acorn                                 6.4.2
│ └── eslint-visitor-keys                   1.3.0
├─┬ esquery                                 1.4.0
│ └── estraverse                            5.2.0
├── esutils                                 2.0.3
├─┬ file-entry-cache                        5.0.1
│ └─┬ flat-cache                            2.0.1
│   ├── flatted                             2.0.2
│   ├─┬ rimraf                              2.6.3
│   │ └── glob                              7.1.6
│   └─┬ write                               1.0.3
│     └── mkdirp                            0.5.5
├── functional-red-black-tree               1.0.1
├─┬ glob                                    7.1.6
│ ├── fs.realpath                           1.0.0
│ ├─┬ inflight                              1.0.6
│ │ ├── once                                1.4.0
│ │ └── wrappy                              1.0.2
│ ├── inherits                              2.0.4
│ ├── minimatch                             3.1.2
│ ├─┬ once                                  1.4.0
│ │ └── wrappy                              1.0.2
│ └── path-is-absolute                      1.0.1
├── globals                                 11.12.0
├── ignore                                  4.0.6
├─┬ import-fresh                            3.3.0
│ ├─┬ parent-module                         1.0.1
│ │ └── callsites                           3.1.0
│ └── resolve-from                          4.0.0
├── imurmurhash                             0.1.4
├─┬ inquirer                                6.5.2
│ ├── ansi-escapes                          3.2.0
│ ├── chalk                                 2.4.2
│ ├─┬ cli-cursor                            2.1.0
│ │ └─┬ restore-cursor                      2.0.0
│ │   ├─┬ onetime                           2.0.1
│ │   │ └── mimic-fn                        1.2.0
│ │   └── signal-exit                       3.0.3
│ ├── cli-width                             2.2.1
│ ├─┬ external-editor                       3.1.0
│ │ ├── chardet                             0.7.0
│ │ ├─┬ iconv-lite                          0.4.24
│ │ │ └── safer-buffer                      2.1.2
│ │ └─┬ tmp                                 0.0.33
│ │   └── os-tmpdir                         1.0.2
│ ├─┬ figures                               2.0.0
│ │ └── escape-string-regexp                1.0.5
│ ├── lodash                                4.17.21
│ ├── mute-stream                           0.0.7
│ ├── run-async                             2.4.1
│ ├─┬ rxjs                                  6.6.7
│ │ └── tslib                               1.14.1
│ ├─┬ string-width                          2.1.1
│ │ ├── is-fullwidth-code-point             2.0.0
│ │ └── strip-ansi                          4.0.0
│ ├─┬ strip-ansi                            5.2.0
│ │ └── ansi-regex                          4.1.1
│ └── through                               2.3.8
├─┬ js-yaml                                 3.14.1
│ ├─┬ argparse                              1.0.10
│ │ └── sprintf-js                          1.0.3
│ └── esprima                               4.0.1
├── json-stable-stringify-without-jsonify   1.0.1
├─┬ levn                                    0.3.0
│ ├── prelude-ls                            1.1.2
│ └─┬ type-check                            0.3.2
│   └── prelude-ls                          1.1.2
├── lodash                                  4.17.21
├─┬ minimatch                               3.1.2
│ └─┬ brace-expansion                       1.1.11
│   ├── balanced-match                      1.0.2
│   └── concat-map                          0.0.1
├─┬ mkdirp                                  0.5.5
│ └── minimist                              1.2.6
├── natural-compare                         1.4.0
├─┬ optionator                              0.8.3
│ ├── deep-is                               0.1.3
│ ├── fast-levenshtein                      2.0.6
│ ├── levn                                  0.3.0
│ ├── prelude-ls                            1.1.2
│ ├── type-check                            0.3.2
│ └── word-wrap                             1.2.4
├── path-is-inside                          1.0.2
├── progress                                2.0.3
├── regexpp                                 2.0.1
├── semver                                  5.7.2
├─┬ strip-ansi                              4.0.0
│ └── ansi-regex                            3.0.1
├── strip-json-comments                     2.0.1
├─┬ table                                   5.4.6
│ ├── ajv                                   6.12.6
│ ├── lodash                                4.17.21
│ ├─┬ slice-ansi                            2.1.0
│ │ ├── ansi-styles                         3.2.1
│ │ ├── astral-regex                        1.0.0
│ │ └── is-fullwidth-code-point             2.0.0
│ └─┬ string-width                          3.1.0
│   ├── emoji-regex                         7.0.3
│   ├── is-fullwidth-code-point             2.0.0
│   └─┬ strip-ansi                          5.2.0
│     └── ansi-regex                        4.1.1
└── text-table                              0.2.0
