express	4.17.1	.dependencies
uuid	0.1.0	.dependencies	uuid/v4
mocha	9.0.0	.devDependencies
nodemon	1.2.3	.devDependencies
