┬ bootstrap         5.0.0
└── @popperjs/core  2.11.8
