angel	5.1.1	.dependencies
buffy	4.1.1	.dependencies
doc-brown	4.2.0	.dependencies
jayne	2.4.0	.dependencies
mal	1.0.0	.dependencies
marty	5.1.0	.dependencies	marty/mcfly
river	5.0.0	.dependencies
spike	4.1.2	.dependencies
willow	1.2.0	.dependencies
ang	2.3.0	.devDependencies
katara	4.1.3	.devDependencies
lt-cmdr-data	3.7.0	.devDependencies
picard	3.0.0	.devDependencies
riker	3.1.0	.devDependencies
sokka	3.5.0	.devDependencies
